// Jest Snapshot v1, https://goo.gl/fbAQLP

exports[`#deviceDimensions contains device information of phone devices 1`] = `
Array [
  Object {
    "isTablet": false,
    "keyboardDimensions": Object {
      "landscape": Object {
        "docked": 199,
      },
      "portrait": Object {
        "docked": 253,
      },
    },
    "model": "iPhone 5s",
    "screenDimensions": Set {
      320,
      568,
    },
  },
  Object {
    "isTablet": false,
    "keyboardDimensions": Object {
      "landscape": Object {
        "docked": 200,
      },
      "portrait": Object {
        "docked": 260,
      },
    },
    "model": "iPhone 8",
    "screenDimensions": Set {
      375,
      667,
    },
  },
  Object {
    "isTablet": false,
    "keyboardDimensions": Object {
      "landscape": Object {
        "docked": 200,
      },
      "portrait": Object {
        "docked": 271,
      },
    },
    "model": "iPhone 8 Plus",
    "screenDimensions": Set {
      414,
      736,
    },
  },
  Object {
    "isTablet": false,
    "keyboardDimensions": Object {
      "landscape": Object {
        "docked": 209,
      },
      "portrait": Object {
        "docked": 335,
      },
    },
    "model": "iPhone X",
    "screenDimensions": Set {
      375,
      812,
    },
  },
  Object {
    "isTablet": false,
    "keyboardDimensions": Object {
      "landscape": Object {
        "docked": 209,
      },
      "portrait": Object {
        "docked": 346,
      },
    },
    "model": "iPhone XS Max",
    "screenDimensions": Set {
      414,
      896,
    },
  },
]
`;

exports[`#deviceDimensions contains device information of tablet devices 1`] = `
Array [
  Object {
    "isTablet": true,
    "keyboardDimensions": Object {
      "landscape": Object {
        "docked": 398,
        "minimized": 55,
        "split": 271,
      },
      "portrait": Object {
        "docked": 313,
        "minimized": 55,
        "split": 271,
      },
    },
    "model": "iPad Air",
    "screenDimensions": Set {
      1024,
      768,
    },
  },
  Object {
    "isTablet": true,
    "keyboardDimensions": Object {
      "landscape": Object {
        "docked": 398,
        "minimized": 55,
        "split": 271,
      },
      "portrait": Object {
        "docked": 313,
        "minimized": 55,
        "split": 271,
      },
    },
    "model": "iPad Pro (10.5-inch)",
    "screenDimensions": Set {
      1112,
      834,
    },
  },
  Object {
    "isTablet": true,
    "keyboardDimensions": Object {
      "landscape": Object {
        "docked": 418,
        "minimized": 69,
      },
      "portrait": Object {
        "docked": 333,
        "minimized": 69,
      },
    },
    "model": "iPad Pro (11-inch)",
    "screenDimensions": Set {
      1194,
      834,
    },
  },
  Object {
    "isTablet": true,
    "keyboardDimensions": Object {
      "landscape": Object {
        "docked": 471,
        "minimized": 55,
      },
      "portrait": Object {
        "docked": 378,
        "minimized": 55,
      },
    },
    "model": "iPad Pro (12.9-inch)",
    "screenDimensions": Set {
      1366,
      1024,
    },
  },
]
`;
